core_cm4.h:1467:22:NVIC_EnableIRQ	16	static
core_cm4.h:1480:22:NVIC_DisableIRQ	16	static
core_cm4.h:1550:22:NVIC_SetPriority	16	static
scu_18xx_43xx.h:135:20:Chip_SCU_PinMuxSet	16	static
ssp_18xx_43xx.h:239:20:Chip_SSP_Enable	16	static
ssp_18xx_43xx.h:249:20:Chip_SSP_Disable	16	static
ssp_18xx_43xx.h:351:20:Chip_SSP_Int_Enable	16	static
ssp_18xx_43xx.h:361:20:Chip_SSP_Int_Disable	16	static
ssp_18xx_43xx.h:413:20:Chip_SSP_SetFormat	24	static
ssp_18xx_43xx.h:436:20:Chip_SSP_DMA_Enable	16	static
ssp_18xx_43xx.h:446:20:Chip_SSP_DMA_Disable	16	static
spi.c:74:9:SpiInit	40	static
spi.c:144:6:SpiRead	32	static
spi.c:206:6:SpiWrite	32	static
spi.c:268:6:SpiReadWrite	32	static
spi.c:334:9:SpiFree	24	static
spi.c:346:9:SpiDeInit	24	static
spi.c:370:6:SSP1_IRQHandler	8	static
spi.c:395:6:DMA_IRQHandler	8	static
